[ 1, 2, 3, 4, 5 ]
5

[ 1.200000, 25.500000, 3.864090 ]
3

[ hello, world ]
2

[ a, l, m, n, o, p ]
6

[ true ]
1

5
50
1
7
11
-11
11
