true
false
false
true
true
false
0
true
true
false
false
true
false
