[1, 2, 3, 4, 5]
[1, 2, 3, 4, 5]
[1, 2, 3, 4, 5]
[1, 2, 3, 4, 5]

[1.100000, 2.200000, 3.300000, 4.400000, 5.500000]
[1.100000, 2.200000, 3.300000, 4.400000, 5.500000]
[1.100000, 2.200000, 3.300000, 4.400000, 5.500000]
[1.100000, 2.200000, 3.300000, 4.400000, 5.500000]

[a, b, c, d, e]
[a, b, c, d, e]
[a, b, c, d, e]
[a, b, c, d, e]

[hello, hi, bye, world, yellow]
[hello, hi, bye, world, yellow]
[hello, hi, bye, world, yellow]
[hello, hi, bye, world, yellow]

[true, false, false, true, true]
[true, false, false, true, true]
[true, false, false, true, true]
[true, false, false, true, true]

[[[1, 2, 3], [4, 5]], [[3, 4], [7, 8, 9]], [[5, 6], [10, 12]]]
[[[1, 2, 3], [4, 5]], [[3, 4], [7, 8, 9]], [[5, 6], [10, 12]]]
[[[1, 2, 3], [4, 5]], [[3, 4], [7, 8, 9]], [[5, 6], [10, 12]]]
[[[1, 2, 3], [4, 5]], [[3, 4], [7, 8, 9]], [[5, 6], [10, 12]]]

[[[[1.100000, 1.200000, 1.300000], [1.400000, 1.500000, 1.600000]]], [[[1.700000, 1.800000], [1.900000, 2.100000]]]]
[[[[1.100000, 1.200000, 1.300000], [1.400000, 1.500000, 1.600000]]], [[[1.700000, 1.800000], [1.900000, 2.100000]]]]
[[[[1.100000, 1.200000, 1.300000], [1.400000, 1.500000, 1.600000]]], [[[1.700000, 1.800000], [1.900000, 2.100000]]]]
[[[[1.100000, 1.200000, 1.300000], [1.400000, 1.500000, 1.600000]]], [[[1.700000, 1.800000], [1.900000, 2.100000]]]]

[[a, b, c, d], [e, f]]
[[a, b, c, d], [e, f]]
[[a, b, c, d], [e, f]]
[[a, b, c, d], [e, f]]

[[[[hello, tanzil, sarker], [it's, me, ivy :)]]], [[[how, r], [u, ??]]]]
[[[[hello, tanzil, sarker], [it's, me, ivy :)]]], [[[how, r], [u, ??]]]]
[[[[hello, tanzil, sarker], [it's, me, ivy :)]]], [[[how, r], [u, ??]]]]
[[[[hello, tanzil, sarker], [it's, me, ivy :)]]], [[[how, r], [u, ??]]]]

[[[true, true], [false, false]], [[true, false], [false, true]]]
[[[true, true], [false, false]], [[true, false], [false, true]]]
[[[true, true], [false, false]], [[true, false], [false, true]]]
[[[true, true], [false, false]], [[true, false], [false, true]]]

