[ 0, 0, 0, 0, 0 ] 
[ 0, 120, 0, 0, 0 ] 
[ 0, 120, 0, 0, 1 ] 
[ 0, 120, 345, 0, 1 ] 
a
b
h
[ hi, hello ] 
[ what, hello ] 
[ i, t ] 
[ w, t ] 
[ 1.200000, 4.644000 ] 
[ 546.640000, 4.644000 ] 
[ false, true ] 
[ true, true ] 
