1
2.200000
if block
88


hi
some string
else2...


empty if block test 1
empty if block test 2
empty if block test 3


test empty else block
