[ 1.100000, 2.200000, 3.000000, 4.000000, 5.000000 ]
2.200000
hello!
[ [ [ 1, 2, 3 ], [ 4, 5 ] ], [ [ 3, 4 ], [ 7, 8, 9 ] ], [ [ 5, 6 ], [ 10, 12 ] ] ]
[ [ [ 1, 2, 3 ], [ 4, 5 ] ], [ [ 3, 4 ], [ 7, 8, 9 ] ], [ [ 5, 6 ], [ 10, 12 ] ] ]

[ [ [ [ 1.100000, 1.200000, 1.300000 ], [ 1.400000, 1.500000, 1.600000 ] ] ], [ [ [ 1.700000, 1.800000 ], [ 1.900000, 2.100000 ] ] ] ]
[ [ [ [ 1.100000, 1.200000, 1.300000 ], [ 1.400000, 1.500000, 1.600000 ] ] ], [ [ [ 1.700000, 1.800000 ], [ 1.900000, 2.100000 ] ] ] ]

[ [ [ [ hello, tanzil, sarker ], [ it's, me, ivy :) ] ] ], [ [ [ how, r ], [ u, ?? ] ] ] ]
[ [ [ [ hello, tanzil, sarker ], [ it's, me, ivy :) ] ] ], [ [ [ how, r ], [ u, ?? ] ] ] ]

[ [ a, b, c, d ], [ e, f ] ]
[ [ a, b, c, d ], [ e, f ] ]

[ [ [ true, true ], [ false, false ] ], [ [ true, false ], [ false, true ] ] ]
[ [ [ true, true ], [ false, false ] ], [ [ true, false ], [ false, true ] ] ]


LOOP TEST 1:
[ 1, 2, 0 ]
[ 1, 2, 0 ]
[ 1, 2, 1 ]
[ 1, 2, 1 ]
[ 1, 2, 2 ]
[ 1, 2, 2 ]
[ 1, 2, 3 ]
[ 1, 2, 3 ]
[ 1, 2, 4 ]
[ 1, 2, 4 ]
[ 1, 2, 5 ]
[ 1, 2, 5 ]
[ 1, 2, 6 ]
[ 1, 2, 6 ]
[ 1, 2, 7 ]
[ 1, 2, 7 ]
[ 1, 2, 8 ]
[ 1, 2, 8 ]
[ 1, 2, 9 ]
[ 1, 2, 9 ]

LOOP TEST 2:
[ [ [ 4, 5, 6 ] ], [ [ 7, 8, 9 ] ] ]
[ [ 4, 5, 6 ] ]
[ [ 7, 8, 9 ] ]

[ [ [ 13, 14, 15 ] ], [ [ 22, 23, 24 ] ] ]
[ [ 13, 14, 15 ] ]
[ [ 22, 23, 24 ] ]

[ [ [ 30, 31 ] ] ]
[ [ 30, 31 ] ]


Tanzil's test:
[ true, false ]
[ [ true, false ], [ false, true ] ]
[ 1, 2, 3 ]
[ [ 1, 2, 3 ], [ 4, 5, 6 ] ]
[ 1.100000, 2.200000, 3.300000 ]
[ [ 1.100000, 2.200000, 3.300000 ], [ 4.400000, 5.500000, 6.600000 ] ]
[ hrty67 ]
[ [ hello, world ], [ goodbye, world ] ]
[ [ [ [ 4, 5, 6 ] ], [ [ 7, 8, 9 ] ] ], [ [ [ 13, 14, 15 ] ], [ [ 22, 23, 24 ] ] ] ]
[ [ [ [ [ 4.500000 ], [ 5.500000 ], [ 6.500000 ] ] ], [ [ [ 7.500000 ], [ 8.500000 ], [ 9.500000 ] ] ] ], [ [ [ [ 13.500000 ], [ 14.500000 ], [ 15.500000 ] ] ], [ [ [ 22.500000 ], [ 23.500000 ], [ 24.500000 ] ] ] ] ]
[ 1, 2, 0 ]
[ 1, 2, 1 ]
[ 1, 2, 2 ]
[ 1, 2, 3 ]
[ 1, 2, 4 ]
[ 1, 2, 5 ]
[ 1, 2, 6 ]
[ 1, 2, 7 ]
[ 1, 2, 8 ]
[ 1, 2, 9 ]
[ 1 ]
[ [ [ 1 ] ] ]
[ [ [ 1 ] ] ]
