2
[ 101, -2, 950, 5 ]
[ 101, -2, 950, 5 ]
end.
[ 1.100000, -2.222200, 3.450000, 0.223000, -23.300000, 17.720000 ]
[ a, g, h, t ]
[ hello, world, it's, me, !, helluuuu ]
[ true, false, false, true, true ]
[ 1, 2, 3 ]
true
hello
[ 1, 22, 333 ]
[ 4, 5, 6, 7 ]
[ 4, 5, 6, 7 ]
[ 4, 5, 6, 7 ]
