true
false
false
false

false
false
false
false

false
true
false
Runtime error: integer divide by zero
