45644
[ 0, 0, 0, 0, 0, 0, 0, 0 ]
[ 0.000000, 0.000000, 0.000000, 0.000000, 0.000000, 0.000000, 0.000000, 0.000000 ]
[ , , , , , , ,  ]
[  ,  ,  ,  ,  ,  ,  ,   ]
[ false, false, false, false, false, false, false, false ]
123
[ q, q, q ]
[ q, q, q ]

[ q, q ]
[ q, q ]

[ q, q ]
[ q, q ]

[ q, q, q ]
[ q, q, q ]

[ q, q ]
[ q, q ]

