12.500000
27.500000
20.000000
125.000000
1.111111
false
true
true
true
true
true
