true
false

true
true
false

T

33

hello

true
false
true
true

~
!

1123

56.000000

34
-12

12.450000
