0.000123
12300.000000
12300.000000
12300.000000
3
0.000123
-4.977000
2200.000000
