a: 12.300000
b: 45
<Enter inner scope1
a: J
b: 45
<Enter inner scope2
a: J
b: 45
a: J
b: 10234
Exit inner scope2>
a: J
b: 10234
Exit inner scope1>
a: 12.300000
b: 10234
