5
-4
17
10
111111111
12
20
0
-5
-7
-5
-1888887
35
15
