Test 1: Identifiers with more than 1 characters
1
2.684700
hello
4
true
i
false

Test 2: Identifiers with just a single character
o
program
55.370000
true

Test 3: Re-assignment of var variables
y
new P
-1.333000
false
