3
-10
13
10
1888888887
18
30
0
5
-13
-15
-111111
70
40
