123
45.678001
56
3546.000488
99
1.245000
1
1.234000
6
6.653000
1000327
14402.158906
1000514
9014424.728906
10
5
8
5
20
10
Hello
10
8

