Division by zero error

3

3.5

-4

-6

Division by zero error

3

3.5

-4

-6
