1
2
3
4
5
55
1 2 3 4 5
2 4 6 8 10
3 6 9 12 15
4 8 12 16 20
5 10 15 20 25
10 20 30 40 50
1 4 9 16 25
1 2 3
4 5 6
7 8 9
1 4 9 16 25
